2025-04-04 04:37:54.694804 - Received CBT.V508.FILE119.PDS from FILE119.XMI 
2025-04-04 04:37:54.697590 - Found $$$#DATE.txt (text/plain) in CBT.V508.FILE119.PDS, moved to PDS/$$$#DATE
2025-04-04 04:37:54.697778 - Found $$DOC.txt (text/plain) in CBT.V508.FILE119.PDS, moved to PDS/$$DOC
2025-04-04 04:37:54.697911 - Found $$NOTE01.eml (message/rfc822) in CBT.V508.FILE119.PDS, moved to PDS/$$NOTE01
2025-04-04 04:37:54.698033 - Found $$NOTE02.txt (text/plain) in CBT.V508.FILE119.PDS, moved to PDS/$$NOTE02
2025-04-04 04:37:54.698155 - Found $$NOTE03.eml (message/rfc822) in CBT.V508.FILE119.PDS, moved to PDS/$$NOTE03
2025-04-04 04:37:54.698271 - Found $$NOTE04.eml (message/rfc822) in CBT.V508.FILE119.PDS, moved to PDS/$$NOTE04
2025-04-04 04:37:54.698437 - Found $INDEX.txt (text/plain) in CBT.V508.FILE119.PDS, moved to PDS/$INDEX
2025-04-04 04:37:54.698595 - Found @FILE119.txt (text/plain) in CBT.V508.FILE119.PDS, moved to PDS/@FILE119
2025-04-04 04:37:54.698713 - Found APUT.txt (text/plain) in CBT.V508.FILE119.PDS, moved to PDS/APUT
2025-04-04 04:37:54.698837 - Found ASHELP.txt (text/plain) in CBT.V508.FILE119.PDS, moved to PDS/ASHELP
2025-04-04 04:37:54.698963 - Found ASID.txt (text/plain) in CBT.V508.FILE119.PDS, moved to PDS/ASID
2025-04-04 04:37:54.699074 - Found B.txt (text/plain) in CBT.V508.FILE119.PDS, moved to PDS/B
2025-04-04 04:37:54.699184 - Found CALL#.txt (text/plain) in CBT.V508.FILE119.PDS, moved to PDS/CALL#
2025-04-04 04:37:54.699308 - Found CLRHELP.txt (text/plain) in CBT.V508.FILE119.PDS, moved to PDS/CLRHELP
2025-04-04 04:37:54.699448 - Found CLR3270.jcl (text/plain) in CBT.V508.FILE119.PDS, moved to PDS/CLR3270
2025-04-04 04:37:54.699560 - Found CLR3270A.txt (text/plain) in CBT.V508.FILE119.PDS, moved to PDS/CLR3270A
2025-04-04 04:37:54.699680 - Found CLR3270B.jcl (text/plain) in CBT.V508.FILE119.PDS, moved to PDS/CLR3270B
2025-04-04 04:37:54.699820 - Found CLR3270Z.txt (text/plain) in CBT.V508.FILE119.PDS, moved to PDS/CLR3270Z
2025-04-04 04:37:54.699957 - Found CPPL.txt (text/plain) in CBT.V508.FILE119.PDS, moved to PDS/CPPL
2025-04-04 04:37:54.700083 - Found CSPL.txt (text/plain) in CBT.V508.FILE119.PDS, moved to PDS/CSPL
2025-04-04 04:37:54.700208 - Found DATA#.txt (text/plain) in CBT.V508.FILE119.PDS, moved to PDS/DATA#
2025-04-04 04:37:54.700325 - Found DO.txt (text/plain) in CBT.V508.FILE119.PDS, moved to PDS/DO
2025-04-04 04:37:54.700439 - Found DOWHILE.txt (text/plain) in CBT.V508.FILE119.PDS, moved to PDS/DOWHILE
2025-04-04 04:37:54.700560 - Found DOWHLOR.txt (text/plain) in CBT.V508.FILE119.PDS, moved to PDS/DOWHLOR
2025-04-04 04:37:54.700683 - Found DYNAJOB.txt (text/plain) in CBT.V508.FILE119.PDS, moved to PDS/DYNAJOB
2025-04-04 04:37:54.700823 - Found DYNANAME.txt (text/plain) in CBT.V508.FILE119.PDS, moved to PDS/DYNANAME
2025-04-04 04:37:54.700952 - Found E.txt (text/plain) in CBT.V508.FILE119.PDS, moved to PDS/E
2025-04-04 04:37:54.701073 - Found ELSE.txt (text/plain) in CBT.V508.FILE119.PDS, moved to PDS/ELSE
2025-04-04 04:37:54.701206 - Found END#.txt (text/plain) in CBT.V508.FILE119.PDS, moved to PDS/END#
2025-04-04 04:37:54.701325 - Found ENDDATA#.txt (text/plain) in CBT.V508.FILE119.PDS, moved to PDS/ENDDATA#
2025-04-04 04:37:54.701439 - Found ENDDO.txt (text/plain) in CBT.V508.FILE119.PDS, moved to PDS/ENDDO
2025-04-04 04:37:54.701565 - Found ENDIF.txt (text/plain) in CBT.V508.FILE119.PDS, moved to PDS/ENDIF
2025-04-04 04:37:54.701676 - Found ENTRE#.txt (text/plain) in CBT.V508.FILE119.PDS, moved to PDS/ENTRE#
2025-04-04 04:37:54.701791 - Found EOJ.txt (text/plain) in CBT.V508.FILE119.PDS, moved to PDS/EOJ
2025-04-04 04:37:54.701965 - Found EPUTL.txt (text/plain) in CBT.V508.FILE119.PDS, moved to PDS/EPUTL
2025-04-04 04:37:54.702081 - Found EPUTL$.jcl (text/plain) in CBT.V508.FILE119.PDS, moved to PDS/EPUTL$
2025-04-04 04:37:54.702222 - Found EPUTL01.txt (text/plain) in CBT.V508.FILE119.PDS, moved to PDS/EPUTL01
2025-04-04 04:37:54.702332 - Found EPUTL02.txt (text/plain) in CBT.V508.FILE119.PDS, moved to PDS/EPUTL02
2025-04-04 04:37:54.702443 - Found EXIT#.txt (text/plain) in CBT.V508.FILE119.PDS, moved to PDS/EXIT#
2025-04-04 04:37:54.702553 - Found GENC.txt (text/plain) in CBT.V508.FILE119.PDS, moved to PDS/GENC
2025-04-04 04:37:54.702668 - Found HMDCHRON.txt (text/plain) in CBT.V508.FILE119.PDS, moved to PDS/HMDCHRON
2025-04-04 04:37:54.702776 - Found HTIME.txt (text/plain) in CBT.V508.FILE119.PDS, moved to PDS/HTIME
2025-04-04 04:37:54.702908 - Found IEFDB401.txt (text/plain) in CBT.V508.FILE119.PDS, moved to PDS/IEFDB401
2025-04-04 04:37:54.703020 - Found IEXIT#.txt (text/plain) in CBT.V508.FILE119.PDS, moved to PDS/IEXIT#
2025-04-04 04:37:54.703144 - Found IF.txt (text/plain) in CBT.V508.FILE119.PDS, moved to PDS/IF
2025-04-04 04:37:54.703256 - Found IFOR.txt (text/plain) in CBT.V508.FILE119.PDS, moved to PDS/IFOR
2025-04-04 04:37:54.703389 - Found INIT#.txt (text/plain) in CBT.V508.FILE119.PDS, moved to PDS/INIT#
2025-04-04 04:37:54.703497 - Found INUSE.txt (text/plain) in CBT.V508.FILE119.PDS, moved to PDS/INUSE
2025-04-04 04:37:54.703604 - Found IOPL.txt (text/plain) in CBT.V508.FILE119.PDS, moved to PDS/IOPL
2025-04-04 04:37:54.703720 - Found JESUX006.txt (text/plain) in CBT.V508.FILE119.PDS, moved to PDS/JESUX006
2025-04-04 04:37:54.703835 - Found JOBNAME.txt (text/plain) in CBT.V508.FILE119.PDS, moved to PDS/JOBNAME
2025-04-04 04:37:54.703966 - Found JULDATE.txt (text/plain) in CBT.V508.FILE119.PDS, moved to PDS/JULDATE
2025-04-04 04:37:54.704095 - Found JULGREG.txt (text/plain) in CBT.V508.FILE119.PDS, moved to PDS/JULGREG
2025-04-04 04:37:54.704215 - Found LDROP.txt (text/plain) in CBT.V508.FILE119.PDS, moved to PDS/LDROP
2025-04-04 04:37:54.704334 - Found LM00038.jcl (text/plain) in CBT.V508.FILE119.PDS, moved to PDS/LM00038
2025-04-04 04:37:54.704465 - Found LM00039.jcl (text/plain) in CBT.V508.FILE119.PDS, moved to PDS/LM00039
2025-04-04 04:37:54.704579 - Found LUSE.txt (text/plain) in CBT.V508.FILE119.PDS, moved to PDS/LUSE
2025-04-04 04:37:54.704689 - Found MAKEDAY.txt (text/plain) in CBT.V508.FILE119.PDS, moved to PDS/MAKEDAY
2025-04-04 04:37:54.704801 - Found PDFHELP.txt (text/plain) in CBT.V508.FILE119.PDS, moved to PDS/PDFHELP
2025-04-04 04:37:54.704923 - Found PDFINIT.txt (text/plain) in CBT.V508.FILE119.PDS, moved to PDS/PDFINIT
2025-04-04 04:37:54.705032 - Found REGS.txt (text/plain) in CBT.V508.FILE119.PDS, moved to PDS/REGS
2025-04-04 04:37:54.705157 - Found SEQCK.txt (text/plain) in CBT.V508.FILE119.PDS, moved to PDS/SEQCK
2025-04-04 04:37:54.705314 - Found SETREG.txt (text/plain) in CBT.V508.FILE119.PDS, moved to PDS/SETREG
2025-04-04 04:37:54.705427 - Found SM.jcl (text/plain) in CBT.V508.FILE119.PDS, moved to PDS/SM
2025-04-04 04:37:54.705554 - Found STCADOC.txt (text/plain) in CBT.V508.FILE119.PDS, moved to PDS/STCADOC
2025-04-04 04:37:54.705668 - Found TSOENTEO.txt (text/plain) in CBT.V508.FILE119.PDS, moved to PDS/TSOENTEO
2025-04-04 04:37:54.705782 - Found TSOENTER.txt (text/plain) in CBT.V508.FILE119.PDS, moved to PDS/TSOENTER
2025-04-04 04:37:54.705895 - Found TSOLEAVE.txt (text/plain) in CBT.V508.FILE119.PDS, moved to PDS/TSOLEAVE
2025-04-04 04:37:54.706008 - Found TSOLEAVO.txt (text/plain) in CBT.V508.FILE119.PDS, moved to PDS/TSOLEAVO
2025-04-04 04:37:54.706147 - Found UNITDOC.txt (text/plain) in CBT.V508.FILE119.PDS, moved to PDS/UNITDOC
2025-04-04 04:37:54.706256 - Found UNTIL.txt (text/plain) in CBT.V508.FILE119.PDS, moved to PDS/UNTIL
2025-04-04 04:37:54.706366 - Found UNTILOR.txt (text/plain) in CBT.V508.FILE119.PDS, moved to PDS/UNTILOR
2025-04-04 04:37:54.706490 - Found XABSM.txt (text/plain) in CBT.V508.FILE119.PDS, moved to PDS/XABSM
2025-04-04 04:37:54.706601 - Found XFERDOC.txt (text/plain) in CBT.V508.FILE119.PDS, moved to PDS/XFERDOC
2025-04-04 04:37:54.706708 - Found XFERINST.txt (text/plain) in CBT.V508.FILE119.PDS, moved to PDS/XFERINST
2025-04-04 04:37:54.706817 - Found XFERJOB.jcl (text/plain) in CBT.V508.FILE119.PDS, moved to PDS/XFERJOB
2025-04-04 04:37:54.706929 - Found XFERUTIL.txt (text/plain) in CBT.V508.FILE119.PDS, moved to PDS/XFERUTIL
2025-04-04 04:37:54.707036 - Found XFERVOL.txt (text/plain) in CBT.V508.FILE119.PDS, moved to PDS/XFERVOL
2025-04-04 04:37:54.707150 - Found XFERWTO.txt (text/plain) in CBT.V508.FILE119.PDS, moved to PDS/XFERWTO
2025-04-04 04:37:54.707277 - Found XFER1.txt (text/plain) in CBT.V508.FILE119.PDS, moved to PDS/XFER1
2025-04-04 04:37:54.707388 - Found XFER2.txt (text/plain) in CBT.V508.FILE119.PDS, moved to PDS/XFER2
2025-04-04 04:37:54.707497 - Found XIX.txt (text/plain) in CBT.V508.FILE119.PDS, moved to PDS/XIX
2025-04-04 04:37:54.707620 - Found XIXHELP.txt (text/plain) in CBT.V508.FILE119.PDS, moved to PDS/XIXHELP
2025-04-04 04:37:54.707733 - Found X1.txt (text/plain) in CBT.V508.FILE119.PDS, moved to PDS/X1
